[     225ms] Identifier 'observer' has already been declared
[     619ms] [WARNING] goatcounter: not counting because of: localhost @ http://gc.zgo.at/count.js:78
[    1050ms] [WARNING] Failed to execute 'postMessage' on 'DOMWindow': The target origin provided ('https://giscus.app') does not match the recipient window's origin ('http://localhost:1314'). @ http://localhost:1314/post/2026-02-13-pagevault/:1166
[    1672ms] [ERROR] Failed to load resource: the server responded with a status of 404 (Not Found) @ http://localhost:1314/favicon.ico:0
[    2330ms] [ERROR] Failed to load resource: the server responded with a status of 404 () @ https://giscus.app/api/discussions?repo=queelius%2Fmetafunctor&term=post%2F2026-02-13-pagevault%2F&category=General&number=0&strict=false&last=15:0
[    2336ms] [ERROR] Failed to load resource: the server responded with a status of 404 () @ https://giscus.app/api/discussions?repo=queelius%2Fmetafunctor&term=post%2F2026-02-13-pagevault%2F&category=General&number=0&strict=false&first=15:0
[    2341ms] [WARNING] [giscus] Discussion not found. A new discussion will be created if a comment/reaction is submitted. @ https://giscus.app/client.js:6
[    2435ms] [WARNING] [giscus] Discussion not found. A new discussion will be created if a comment/reaction is submitted. @ https://giscus.app/client.js:6
[   56081ms] [ERROR] WebSocket connection to 'ws://localhost:1314/livereload' failed: Error in connection establishment: net::ERR_CONNECTION_REFUSED @ http://localhost:1314/livereload.js?mindelay=10&v=2&port=1314&path=livereload:1
[   56102ms] [ERROR] WebSocket connection to 'ws://localhost:1314/livereload' failed: Error in connection establishment: net::ERR_CONNECTION_REFUSED @ http://localhost:1314/livereload.js?mindelay=10&v=2&port=1314&path=livereload:1
[   56144ms] [ERROR] WebSocket connection to 'ws://localhost:1314/livereload' failed: Error in connection establishment: net::ERR_CONNECTION_REFUSED @ http://localhost:1314/livereload.js?mindelay=10&v=2&port=1314&path=livereload:1
[   56225ms] [ERROR] WebSocket connection to 'ws://localhost:1314/livereload' failed: Error in connection establishment: net::ERR_CONNECTION_REFUSED @ http://localhost:1314/livereload.js?mindelay=10&v=2&port=1314&path=livereload:1
[   56386ms] [ERROR] WebSocket connection to 'ws://localhost:1314/livereload' failed: Error in connection establishment: net::ERR_CONNECTION_REFUSED @ http://localhost:1314/livereload.js?mindelay=10&v=2&port=1314&path=livereload:1
[   56707ms] [ERROR] WebSocket connection to 'ws://localhost:1314/livereload' failed: Error in connection establishment: net::ERR_CONNECTION_REFUSED @ http://localhost:1314/livereload.js?mindelay=10&v=2&port=1314&path=livereload:1
[   57348ms] [ERROR] WebSocket connection to 'ws://localhost:1314/livereload' failed: Error in connection establishment: net::ERR_CONNECTION_REFUSED @ http://localhost:1314/livereload.js?mindelay=10&v=2&port=1314&path=livereload:1
[   58629ms] [ERROR] WebSocket connection to 'ws://localhost:1314/livereload' failed: Error in connection establishment: net::ERR_CONNECTION_REFUSED @ http://localhost:1314/livereload.js?mindelay=10&v=2&port=1314&path=livereload:1
[   61190ms] [ERROR] WebSocket connection to 'ws://localhost:1314/livereload' failed: Error in connection establishment: net::ERR_CONNECTION_REFUSED @ http://localhost:1314/livereload.js?mindelay=10&v=2&port=1314&path=livereload:1
[   66313ms] [ERROR] WebSocket connection to 'ws://localhost:1314/livereload' failed: Error in connection establishment: net::ERR_CONNECTION_REFUSED @ http://localhost:1314/livereload.js?mindelay=10&v=2&port=1314&path=livereload:1
[   76557ms] [ERROR] WebSocket connection to 'ws://localhost:1314/livereload' failed: Error in connection establishment: net::ERR_CONNECTION_REFUSED @ http://localhost:1314/livereload.js?mindelay=10&v=2&port=1314&path=livereload:1
[   97039ms] [ERROR] WebSocket connection to 'ws://localhost:1314/livereload' failed: Error in connection establishment: net::ERR_CONNECTION_REFUSED @ http://localhost:1314/livereload.js?mindelay=10&v=2&port=1314&path=livereload:1
[  138004ms] [ERROR] WebSocket connection to 'ws://localhost:1314/livereload' failed: Error in connection establishment: net::ERR_CONNECTION_REFUSED @ http://localhost:1314/livereload.js?mindelay=10&v=2&port=1314&path=livereload:1
[  198013ms] [ERROR] WebSocket connection to 'ws://localhost:1314/livereload' failed: Error in connection establishment: net::ERR_CONNECTION_REFUSED @ http://localhost:1314/livereload.js?mindelay=10&v=2&port=1314&path=livereload:1
[  258015ms] [ERROR] WebSocket connection to 'ws://localhost:1314/livereload' failed: Error in connection establishment: net::ERR_CONNECTION_REFUSED @ http://localhost:1314/livereload.js?mindelay=10&v=2&port=1314&path=livereload:1
[  318017ms] [ERROR] WebSocket connection to 'ws://localhost:1314/livereload' failed: Error in connection establishment: net::ERR_CONNECTION_REFUSED @ http://localhost:1314/livereload.js?mindelay=10&v=2&port=1314&path=livereload:1
[  378025ms] [ERROR] WebSocket connection to 'ws://localhost:1314/livereload' failed: Error in connection establishment: net::ERR_CONNECTION_REFUSED @ http://localhost:1314/livereload.js?mindelay=10&v=2&port=1314&path=livereload:1
[  438027ms] [ERROR] WebSocket connection to 'ws://localhost:1314/livereload' failed: Error in connection establishment: net::ERR_CONNECTION_REFUSED @ http://localhost:1314/livereload.js?mindelay=10&v=2&port=1314&path=livereload:1
[  498029ms] [ERROR] WebSocket connection to 'ws://localhost:1314/livereload' failed: Error in connection establishment: net::ERR_CONNECTION_REFUSED @ http://localhost:1314/livereload.js?mindelay=10&v=2&port=1314&path=livereload:1
[  558031ms] [ERROR] WebSocket connection to 'ws://localhost:1314/livereload' failed: Error in connection establishment: net::ERR_CONNECTION_REFUSED @ http://localhost:1314/livereload.js?mindelay=10&v=2&port=1314&path=livereload:1
[  618032ms] [ERROR] WebSocket connection to 'ws://localhost:1314/livereload' failed: Error in connection establishment: net::ERR_CONNECTION_REFUSED @ http://localhost:1314/livereload.js?mindelay=10&v=2&port=1314&path=livereload:1
[  678034ms] [ERROR] WebSocket connection to 'ws://localhost:1314/livereload' failed: Error in connection establishment: net::ERR_CONNECTION_REFUSED @ http://localhost:1314/livereload.js?mindelay=10&v=2&port=1314&path=livereload:1
[  738035ms] [ERROR] WebSocket connection to 'ws://localhost:1314/livereload' failed: Error in connection establishment: net::ERR_CONNECTION_REFUSED @ http://localhost:1314/livereload.js?mindelay=10&v=2&port=1314&path=livereload:1
